// Jest Snapshot v1, https://goo.gl/fbAQLP

exports[`Should place a green box around the input 1`] = `
"[32m╔══════════════════╗[39m
[32m║[39m                  [32m║[39m
[32m║[39m   sample input   [32m║[39m
[32m║[39m                  [32m║[39m
[32m╚══════════════════╝[39m"
`;
